=== codegen_tests/neg.ct (20 bytes) ===

=== AST ===
CODEBLOCK [3]
  VAR var
    EXPRLIST [2]
      IDENTIFIER a
      IDENTIFIER b
  ASSIGN =
    IDENTIFIER a
    NUMBER 5
  ASSIGN =
    IDENTIFIER b
    MINUS -
      IDENTIFIER a

=== Pre-encode (1 functions) ===

--- [0] main (2 opcodes) ---
  locals: a=R(0), b=R(1)
  [  0] LOADINT    R(0), 5
  [  1] NEG        R(1), R(0)

=== Bytecode (1 functions) ===

--- [0] main (2 opcodes) ---
  locals: a=R(0), b=R(1)
  [  0] LOADINT    R(0), 5
  [  1] NEG        R(1), R(0)
