=== codegen_tests/prefix_not.ct (32 bytes) ===

=== AST ===
CODEBLOCK [4]
  ASSIGN =
    VAR var
      IDENTIFIER a
    NUMBER 1
  VAR var
    IDENTIFIER b
  ASSIGN =
    IDENTIFIER b
    NOT !
      IDENTIFIER a
  ASSIGN =
    IDENTIFIER b
    BIN_INV ~
      IDENTIFIER a

=== Pre-encode (1 functions) ===

--- [0] main (3 opcodes) ---
  locals: a=R(0), b=R(2)
  [  0] LOADINT    R(0), 1
  [  1] NOT        R(2), R(0)
  [  2] BIN_INV    R(2), R(0)

=== Bytecode (1 functions) ===

--- [0] main (3 opcodes) ---
  locals: a=R(0), b=R(2)
  [  0] LOADINT    R(0), 1
  [  1] NOT        R(2), R(0)
  [  2] BIN_INV    R(2), R(0)
