=== codegen_tests/var_multi.ct (23 bytes) ===

=== AST ===
CODEBLOCK [2]
  VAR var
    EXPRLIST [3]
      IDENTIFIER a
      IDENTIFIER b
      IDENTIFIER c
  ASSIGN =
    EXPRLIST [3]
      IDENTIFIER a
      IDENTIFIER b
      IDENTIFIER c
    EXPRLIST [3]
      NUMBER 1
      NUMBER 2
      NUMBER 3

=== Pre-encode (1 functions) ===

--- [0] main (3 opcodes) ---
  locals: a=R(0), b=R(1), c=R(2)
  [  0] LOADINT    R(0), 1
  [  1] LOADINT    R(1), 2
  [  2] LOADINT    R(2), 3

=== Bytecode (1 functions) ===

--- [0] main (3 opcodes) ---
  locals: a=R(0), b=R(1), c=R(2)
  [  0] LOADINT    R(0), 1
  [  1] LOADINT    R(1), 2
  [  2] LOADINT    R(2), 3
