=== precedence.ct (87 bytes) ===
  [  0] L1    INT                "1"
  [  1] L1    ADD                "+"
  [  2] L1    INT                "2"
  [  3] L1    MUL                "*"
  [  4] L1    INT                "3"
  [  5] L1    EQ                 "=="
  [  6] L1    INT                "7"
  [  7] L1    AND                "&&"
  [  8] L1    IDENTIFIER         "x"
  [  9] L1    GT                 ">"
  [ 10] L1    INT                "5"
  [ 11] L1    OR                 "||"
  [ 12] L1    IDENTIFIER         "y"
  [ 13] L1    LT                 "<"
  [ 14] L1    INT                "10"
  [ 15] L1    SEMICOLON          ";"
  [ 16] L2    IDENTIFIER         "a"
  [ 17] L2    BIN_OR             "|"
  [ 18] L2    IDENTIFIER         "b"
  [ 19] L2    BIN_AND            "&"
  [ 20] L2    IDENTIFIER         "c"
  [ 21] L2    BIN_XOR            "^"
  [ 22] L2    IDENTIFIER         "d"
  [ 23] L2    SEMICOLON          ";"
  [ 24] L3    IDENTIFIER         "a"
  [ 25] L3    ADD                "+"
  [ 26] L3    IDENTIFIER         "b"
  [ 27] L3    BIN_LSHIFT         "<<"
  [ 28] L3    INT                "2"
  [ 29] L3    SEMICOLON          ";"
  [ 30] L4    IDENTIFIER         "a"
  [ 31] L4    EQ                 "=="
  [ 32] L4    IDENTIFIER         "b"
  [ 33] L4    AND                "&&"
  [ 34] L4    IDENTIFIER         "c"
  [ 35] L4    NEQ                "!="
  [ 36] L4    IDENTIFIER         "d"
  [ 37] L4    OR                 "||"
  [ 38] L4    IDENTIFIER         "e"
  [ 39] L4    LT                 "<"
  [ 40] L4    IDENTIFIER         "f"
41 tokens

=== AST ===
CODEBLOCK [4]
  OR ||
    AND &&
      EQ ==
        ADD +
          NUMBER 1
          MUL *
            NUMBER 2
            NUMBER 3
        NUMBER 7
      GT >
        IDENTIFIER x
        NUMBER 5
    LT <
      IDENTIFIER y
      NUMBER 10
  BIN_OR |
    IDENTIFIER a
    BIN_XOR ^
      BIN_AND &
        IDENTIFIER b
        IDENTIFIER c
      IDENTIFIER d
  BIN_LSHIFT <<
    ADD +
      IDENTIFIER a
      IDENTIFIER b
    NUMBER 2
  OR ||
    AND &&
      EQ ==
        IDENTIFIER a
        IDENTIFIER b
      NEQ !=
        IDENTIFIER c
        IDENTIFIER d
    LT <
      IDENTIFIER e
      IDENTIFIER f
